[portotheme.com/html/porto_ecommerce/demo39.html]
[backblue.gif]
[fade.gif]
[index.html]
[portotheme.com/html/porto_ecommerce/assets/images/icons/favicon.png]
[portotheme.com/html/porto_ecommerce/assets/js/webfont.js]
[portotheme.com/html/porto_ecommerce/assets/css/bootstrap.min.css]
[portotheme.com/html/porto_ecommerce/assets/css/demo39.min.css]
[portotheme.com/html/porto_ecommerce/assets/vendor/fontawesome-free/css/all.min.css]
[portotheme.com/html/porto_ecommerce/dashboard.html]
[portotheme.com/html/porto_ecommerce/about.html]
[portotheme.com/html/porto_ecommerce/wishlist.html]
[portotheme.com/html/porto_ecommerce/blog.html]
[portotheme.com/html/porto_ecommerce/contact.html]
[portotheme.com/html/porto_ecommerce/demo39-shop.html]
[portotheme.com/html/porto_ecommerce/category.html]
[portotheme.com/html/porto_ecommerce/category-banner-boxed-slider.html]
[portotheme.com/html/porto_ecommerce/category-banner-boxed-image.html]
[portotheme.com/html/porto_ecommerce/category-sidebar-right.html]
[portotheme.com/html/porto_ecommerce/category-off-canvas.html]
[portotheme.com/html/porto_ecommerce/category-horizontal-filter1.html]
[portotheme.com/html/porto_ecommerce/category-horizontal-filter2.html]
[portotheme.com/html/porto_ecommerce/category-list.html]
[portotheme.com/html/porto_ecommerce/category-infinite-scroll.html]
[portotheme.com/html/porto_ecommerce/category-4col.html]
[portotheme.com/html/porto_ecommerce/category-5col.html]
[portotheme.com/html/porto_ecommerce/category-6col.html]
[portotheme.com/html/porto_ecommerce/category-7col.html]
[portotheme.com/html/porto_ecommerce/category-8col.html]
[portotheme.com/html/porto_ecommerce/assets/images/menu-banner.jpg]
[portotheme.com/html/porto_ecommerce/demo39-product.html]
[portotheme.com/html/porto_ecommerce/product.html]
[portotheme.com/html/porto_ecommerce/product-variable.html]
[portotheme.com/html/porto_ecommerce/product-custom-tab.html]
[portotheme.com/html/porto_ecommerce/product-sidebar-left.html]
[portotheme.com/html/porto_ecommerce/product-sidebar-right.html]
[portotheme.com/html/porto_ecommerce/product-addcart-sticky.html]
[portotheme.com/html/porto_ecommerce/product-extended-layout.html]
[portotheme.com/html/porto_ecommerce/product-grid-layout.html]
[portotheme.com/html/porto_ecommerce/product-full-width.html]
[portotheme.com/html/porto_ecommerce/product-sticky-info.html]
[portotheme.com/html/porto_ecommerce/product-sticky-both.html]
[portotheme.com/html/porto_ecommerce/product-transparent-image.html]
[portotheme.com/html/porto_ecommerce/product-center-vertical.html]
[portotheme.com/html/porto_ecommerce/assets/images/menu-banner-1.jpg]
[portotheme.com/html/porto_ecommerce/cart.html]
[portotheme.com/html/porto_ecommerce/checkout.html]
[portotheme.com/html/porto_ecommerce/single.html]
[portotheme.com/html/porto_ecommerce/login.html]
[portotheme.com/html/porto_ecommerce/forgot-password.html]
[portotheme.com/html/porto_ecommerce/assets/images/logo-black.png]
[portotheme.com/html/porto_ecommerce/assets/images/products/product-1.jpg]
[portotheme.com/html/porto_ecommerce/assets/images/products/product-2.jpg]
[portotheme.com/html/porto_ecommerce/assets/images/products/product-3.jpg]
[portotheme.com/html/porto_ecommerce/assets/images/demoes/demo39/slider/slide-1.jpg]
[portotheme.com/html/porto_ecommerce/assets/images/demoes/demo39/slider/slide-2.jpg]
[portotheme.com/html/porto_ecommerce/assets/images/demoes/demo39/products/product-1.jpg]
[portotheme.com/html/porto_ecommerce/ajax/product-quick-view.html]
[portotheme.com/html/porto_ecommerce/assets/images/demoes/demo39/products/product-2.jpg]
[portotheme.com/html/porto_ecommerce/assets/images/demoes/demo39/products/product-3.jpg]
[portotheme.com/html/porto_ecommerce/assets/images/demoes/demo39/products/product-4.jpg]
[portotheme.com/html/porto_ecommerce/assets/images/demoes/demo39/products/product-5.jpg]
[portotheme.com/html/porto_ecommerce/assets/images/demoes/demo39/banners/banner-1.jpg]
[portotheme.com/html/porto_ecommerce/assets/images/demoes/demo39/banners/banner-2.jpg]
[portotheme.com/html/porto_ecommerce/assets/images/demoes/demo39/products/product-6.jpg]
[portotheme.com/html/porto_ecommerce/assets/images/demoes/demo39/products/product-7.jpg]
[portotheme.com/html/porto_ecommerce/assets/images/demoes/demo39/banners/banner-3.jpg]
[portotheme.com/html/porto_ecommerce/assets/images/demoes/demo39/clients/client1.png]
[portotheme.com/html/porto_ecommerce/assets/images/demoes/demo39/products/small/product-6.jpg]
[portotheme.com/html/porto_ecommerce/assets/images/demoes/demo39/products/small/product-2.jpg]
[portotheme.com/html/porto_ecommerce/assets/images/demoes/demo39/products/small/product-3.jpg]
[portotheme.com/html/porto_ecommerce/assets/images/demoes/demo39/products/small/product-5.jpg]
[portotheme.com/html/porto_ecommerce/assets/images/demoes/demo39/products/small/product-1.jpg]
[portotheme.com/html/porto_ecommerce/assets/images/demoes/demo39/blog/post-1.jpg]
[portotheme.com/html/porto_ecommerce/assets/images/demoes/demo39/blog/post-2.jpg]
[portotheme.com/html/porto_ecommerce/assets/images/demoes/demo39/blog/post-3.jpg]
[portotheme.com/html/porto_ecommerce/assets/images/demoes/demo39/instagram/1.jpg]
[portotheme.com/html/porto_ecommerce/assets/images/demoes/demo39/instagram/2.jpg]
[portotheme.com/html/porto_ecommerce/assets/images/demoes/demo39/instagram/3.jpg]
[portotheme.com/html/porto_ecommerce/assets/images/demoes/demo39/instagram/4.jpg]
[portotheme.com/html/porto_ecommerce/assets/images/payments/payment-visa.svg]
[portotheme.com/html/porto_ecommerce/assets/images/payments/payment-paypal.svg]
[portotheme.com/html/porto_ecommerce/assets/images/payments/payment-stripe.png]
[portotheme.com/html/porto_ecommerce/assets/images/payments/payment-verisign.svg]
[portotheme.com/html/porto_ecommerce/element-accordions.html]
[portotheme.com/html/porto_ecommerce/element-alerts.html]
[portotheme.com/html/porto_ecommerce/element-animations.html]
[portotheme.com/html/porto_ecommerce/element-banners.html]
[portotheme.com/html/porto_ecommerce/element-buttons.html]
[portotheme.com/html/porto_ecommerce/element-call-to-action.html]
[portotheme.com/html/porto_ecommerce/element-countdown.html]
[portotheme.com/html/porto_ecommerce/element-counters.html]
[portotheme.com/html/porto_ecommerce/element-headings.html]
[portotheme.com/html/porto_ecommerce/element-icons.html]
[portotheme.com/html/porto_ecommerce/element-info-box.html]
[portotheme.com/html/porto_ecommerce/element-posts.html]
[portotheme.com/html/porto_ecommerce/element-products.html]
[portotheme.com/html/porto_ecommerce/element-product-categories.html]
[portotheme.com/html/porto_ecommerce/element-tabs.html]
[portotheme.com/html/porto_ecommerce/element-testimonial.html]
[portotheme.com/html/porto_ecommerce/assets/images/newsletter_popup_bg.jpg]
[portotheme.com/html/porto_ecommerce/assets/js/jquery.min.js]
[portotheme.com/html/porto_ecommerce/assets/js/bootstrap.bundle.min.js]
[portotheme.com/html/porto_ecommerce/assets/js/optional/isotope.pkgd.min.js]
[portotheme.com/html/porto_ecommerce/assets/js/plugins.min.js]
[portotheme.com/html/porto_ecommerce/assets/js/jquery.appear.min.js]
[portotheme.com/html/porto_ecommerce/demo39.html]
[portotheme.com/html/porto_ecommerce/assets/css/bootstrap.min.css]
[portotheme.com/html/porto_ecommerce/assets/js/main.min.js]
[www.portotheme.com/html/porto_ecommerce/assets/images/owl.video.play.6a.delayed]
[portotheme.com/html/porto_ecommerce/assets/images/elements/alert/close.svg]
[portotheme.com/html/porto_ecommerce/assets/images/flags.png]
[portotheme.com/html/porto_ecommerce/assets/fonts/porto6e1d.eot]
[portotheme.com/html/porto_ecommerce/assets/fonts/porto6e1d.woff2]
[portotheme.com/html/porto_ecommerce/assets/fonts/porto6e1d.woff]
[portotheme.com/html/porto_ecommerce/assets/fonts/porto6e1d.ttf]
[portotheme.com/html/porto_ecommerce/assets/css/demo39.min.css]
[portotheme.com/html/porto_ecommerce/assets/fonts/porto6e1d.svg]
[portotheme.com/html/porto_ecommerce/assets/vendor/fontawesome-free/webfonts/fa-brands-400.eot]
[portotheme.com/html/porto_ecommerce/assets/vendor/fontawesome-free/webfonts/fa-brands-400d41d.eot]
[portotheme.com/html/porto_ecommerce/assets/vendor/fontawesome-free/webfonts/fa-brands-400.woff2]
[portotheme.com/html/porto_ecommerce/assets/vendor/fontawesome-free/webfonts/fa-brands-400.woff]
[portotheme.com/html/porto_ecommerce/assets/vendor/fontawesome-free/webfonts/fa-brands-400.ttf]
[portotheme.com/html/porto_ecommerce/assets/vendor/fontawesome-free/webfonts/fa-brands-400.svg]
[portotheme.com/html/porto_ecommerce/assets/vendor/fontawesome-free/webfonts/fa-regular-400.eot]
[portotheme.com/html/porto_ecommerce/assets/vendor/fontawesome-free/webfonts/fa-regular-400d41d.eot]
[portotheme.com/html/porto_ecommerce/assets/vendor/fontawesome-free/webfonts/fa-regular-400.woff2]
[portotheme.com/html/porto_ecommerce/assets/vendor/fontawesome-free/webfonts/fa-regular-400.woff]
[portotheme.com/html/porto_ecommerce/assets/vendor/fontawesome-free/webfonts/fa-regular-400.ttf]
[portotheme.com/html/porto_ecommerce/assets/vendor/fontawesome-free/webfonts/fa-regular-400.svg]
[portotheme.com/html/porto_ecommerce/assets/vendor/fontawesome-free/webfonts/fa-solid-900.eot]
[portotheme.com/html/porto_ecommerce/assets/vendor/fontawesome-free/webfonts/fa-solid-900d41d.eot]
[portotheme.com/html/porto_ecommerce/assets/vendor/fontawesome-free/webfonts/fa-solid-900.woff2]
[portotheme.com/html/porto_ecommerce/assets/vendor/fontawesome-free/webfonts/fa-solid-900.woff]
[portotheme.com/html/porto_ecommerce/assets/vendor/fontawesome-free/webfonts/fa-solid-900.ttf]
[portotheme.com/html/porto_ecommerce/assets/vendor/fontawesome-free/css/all.min.css]
[portotheme.com/html/porto_ecommerce/assets/css/style.min.css]
[portotheme.com/html/porto_ecommerce/assets/vendor/fontawesome-free/webfonts/fa-solid-900.svg]
[portotheme.com/html/porto_ecommerce/assets/vendor/simple-line-icons/css/simple-line-icons.min.css]
[portotheme.com/html/porto_ecommerce/demo4.html]
[portotheme.com/html/porto_ecommerce/assets/images/logo.png]
[portotheme.com/html/porto_ecommerce/assets/images/phone.png]
[portotheme.com/html/porto_ecommerce/dashboard.html]
[portotheme.com/cdn-cgi/scripts/5c5dd728/cloudflare-static/email-decode.min.js]
[portotheme.com/html/porto_ecommerce/assets/images/page-header-bg.jpg]
[portotheme.com/html/porto_ecommerce/assets/images/clients/client1.png]
[portotheme.com/html/porto_ecommerce/assets/images/clients/client2.png]
[portotheme.com/html/porto_ecommerce/about.html]
[portotheme.com/html/porto_ecommerce/assets/js/plugins/jquery.countTo.js]
[portotheme.com/html/porto_ecommerce/assets/images/products/product-4.jpg]
[portotheme.com/html/porto_ecommerce/assets/images/products/product-5.jpg]
[portotheme.com/html/porto_ecommerce/assets/images/products/product-6.jpg]
[portotheme.com/html/porto_ecommerce/wishlist.html]
[portotheme.com/html/porto_ecommerce/assets/css/style.css]
[portotheme.com/html/porto_ecommerce/assets/images/blog/home/post-1.jpg]
[portotheme.com/html/porto_ecommerce/assets/images/blog/home/post-2.jpg]
[portotheme.com/html/porto_ecommerce/assets/images/blog/home/post-3.jpg]
[portotheme.com/html/porto_ecommerce/assets/images/blog/home/post-4.jpg]
[portotheme.com/html/porto_ecommerce/assets/images/blog/widget/post-1.jpg]
[portotheme.com/html/porto_ecommerce/assets/images/blog/widget/post-2.jpg]
[portotheme.com/html/porto_ecommerce/blog.html]
[portotheme.com/html/porto_ecommerce/contact.html]
[portotheme.com/html/porto_ecommerce/assets/js/map.js]
[portotheme.com/html/porto_ecommerce/assets/images/demoes/demo39/products/product-8.jpg]
[portotheme.com/html/porto_ecommerce/assets/images/demoes/demo39/products/product-11.jpg]
[portotheme.com/html/porto_ecommerce/assets/images/demoes/demo39/products/product-10.jpg]
[portotheme.com/html/porto_ecommerce/assets/images/demoes/demo39/products/product-9.jpg]
[portotheme.com/html/porto_ecommerce/assets/images/demoes/demo39/products/small/product-4.jpg]
[portotheme.com/html/porto_ecommerce/demo39-shop.html]
[portotheme.com/html/porto_ecommerce/assets/js/nouislider.min.js]
[portotheme.com/html/porto_ecommerce/assets/images/banners/banner-top.jpg]
[portotheme.com/html/porto_ecommerce/assets/images/products/product-1-2.jpg]
[portotheme.com/html/porto_ecommerce/assets/images/products/product-2-2.jpg]
[portotheme.com/html/porto_ecommerce/assets/images/products/product-3-2.jpg]
[portotheme.com/html/porto_ecommerce/assets/images/products/product-4-2.jpg]
[portotheme.com/html/porto_ecommerce/assets/images/products/product-5-2.jpg]
[portotheme.com/html/porto_ecommerce/assets/images/products/product-6-2.jpg]
[portotheme.com/html/porto_ecommerce/assets/images/products/product-7.jpg]
[portotheme.com/html/porto_ecommerce/assets/images/products/product-7-2.jpg]
[portotheme.com/html/porto_ecommerce/assets/images/products/product-8.jpg]
[portotheme.com/html/porto_ecommerce/assets/images/products/product-8-2.jpg]
[portotheme.com/html/porto_ecommerce/assets/images/products/product-9.jpg]
[portotheme.com/html/porto_ecommerce/assets/images/products/product-9-2.jpg]
[portotheme.com/html/porto_ecommerce/assets/images/products/product-10.jpg]
[portotheme.com/html/porto_ecommerce/assets/images/products/product-10-2.jpg]
[portotheme.com/html/porto_ecommerce/assets/images/products/product-11.jpg]
[portotheme.com/html/porto_ecommerce/assets/images/products/product-11-2.jpg]
[portotheme.com/html/porto_ecommerce/assets/images/products/product-12.jpg]
[portotheme.com/html/porto_ecommerce/assets/images/products/product-12-2.jpg]
[portotheme.com/html/porto_ecommerce/assets/images/products/small/product-4.jpg]
[portotheme.com/html/porto_ecommerce/assets/images/products/small/product-4-2.jpg]
[portotheme.com/html/porto_ecommerce/assets/images/products/small/product-5.jpg]
[portotheme.com/html/porto_ecommerce/assets/images/products/small/product-5-2.jpg]
[portotheme.com/html/porto_ecommerce/assets/images/products/small/product-6.jpg]
[portotheme.com/html/porto_ecommerce/assets/images/products/small/product-6-2.jpg]
[portotheme.com/html/porto_ecommerce/assets/images/products/small/product-1.jpg]
[portotheme.com/html/porto_ecommerce/assets/images/products/small/product-1-2.jpg]
[portotheme.com/html/porto_ecommerce/assets/images/products/small/product-2.jpg]
[portotheme.com/html/porto_ecommerce/assets/images/products/small/product-2-2.jpg]
[portotheme.com/html/porto_ecommerce/assets/images/products/small/product-3.jpg]
[portotheme.com/html/porto_ecommerce/assets/images/products/small/product-3-2.jpg]
[portotheme.com/html/porto_ecommerce/category.html]
[portotheme.com/html/porto_ecommerce/assets/images/banners/banner-fashion-1.jpg]
[portotheme.com/html/porto_ecommerce/assets/images/banners/banner-fashion-2.jpg]
[portotheme.com/html/porto_ecommerce/category-banner-boxed-slider.html]
[portotheme.com/html/porto_ecommerce/category-banner-boxed-image.html]
[portotheme.com/html/porto_ecommerce/category-sidebar-right.html]
[portotheme.com/html/porto_ecommerce/category-off-canvas.html]
[portotheme.com/html/porto_ecommerce/category-horizontal-filter1.html]
[portotheme.com/html/porto_ecommerce/category-horizontal-filter2.html]
[portotheme.com/html/porto_ecommerce/category-list.html]
[portotheme.com/html/porto_ecommerce/category-infinite-scroll.html]
[portotheme.com/html/porto_ecommerce/category-4col.html]
[portotheme.com/html/porto_ecommerce/category-5col.html]
[portotheme.com/html/porto_ecommerce/category-6col.html]
[portotheme.com/html/porto_ecommerce/category-7col.html]
[portotheme.com/html/porto_ecommerce/category-8col.html]
[portotheme.com/html/porto_ecommerce/assets/images/demoes/demo39/products/zoom/product-1-big.jpg]
[portotheme.com/html/porto_ecommerce/assets/images/demoes/demo39/products/zoom/product-2-big.jpg]
[portotheme.com/html/porto_ecommerce/assets/images/demoes/demo39/products/zoom/product-3-big.jpg]
[portotheme.com/html/porto_ecommerce/assets/images/demoes/demo39/products/zoom/product-4-big.jpg]
[portotheme.com/html/porto_ecommerce/assets/images/demoes/demo39/products/zoom/product-5-big.jpg]
[portotheme.com/html/porto_ecommerce/assets/images/demoes/demo39/products/zoom/product-1.jpg]
[portotheme.com/html/porto_ecommerce/assets/images/demoes/demo39/products/zoom/product-2.jpg]
[portotheme.com/html/porto_ecommerce/assets/images/demoes/demo39/products/zoom/product-3.jpg]
[portotheme.com/html/porto_ecommerce/assets/images/demoes/demo39/products/zoom/product-4.jpg]
[portotheme.com/html/porto_ecommerce/assets/images/demoes/demo39/products/zoom/product-5.jpg]
[portotheme.com/html/porto_ecommerce/assets/images/blog/author.jpg]
[portotheme.com/html/porto_ecommerce/demo39-product.html]
[portotheme.com/html/porto_ecommerce/assets/images/products/zoom/product-1-big.jpg]
[portotheme.com/html/porto_ecommerce/assets/images/products/zoom/product-2-big.jpg]
[portotheme.com/html/porto_ecommerce/assets/images/products/zoom/product-3-big.jpg]
[portotheme.com/html/porto_ecommerce/assets/images/products/zoom/product-4-big.jpg]
[portotheme.com/html/porto_ecommerce/assets/images/products/zoom/product-5-big.jpg]
[portotheme.com/html/porto_ecommerce/assets/images/products/zoom/product-1.jpg]
[portotheme.com/html/porto_ecommerce/assets/images/products/zoom/product-2.jpg]
[portotheme.com/html/porto_ecommerce/assets/images/products/zoom/product-3.jpg]
[portotheme.com/html/porto_ecommerce/assets/images/products/zoom/product-4.jpg]
[portotheme.com/html/porto_ecommerce/assets/images/products/zoom/product-5.jpg]
[portotheme.com/html/porto_ecommerce/assets/images/products/single/body-shape.png]
[portotheme.com/html/porto_ecommerce/assets/images/products/small/product-7.jpg]
[portotheme.com/html/porto_ecommerce/assets/images/products/small/product-7-2.jpg]
[portotheme.com/html/porto_ecommerce/assets/images/products/small/product-8.jpg]
[portotheme.com/html/porto_ecommerce/assets/images/products/small/product-8-2.jpg]
[portotheme.com/html/porto_ecommerce/assets/images/products/small/product-9.jpg]
[portotheme.com/html/porto_ecommerce/assets/images/products/small/product-9-2.jpg]
[portotheme.com/html/porto_ecommerce/assets/images/products/small/product-10.jpg]
[portotheme.com/html/porto_ecommerce/assets/images/products/small/product-10-2.jpg]
[portotheme.com/html/porto_ecommerce/assets/images/products/small/product-11.jpg]
[portotheme.com/html/porto_ecommerce/assets/images/products/small/product-11-2.jpg]
[portotheme.com/html/porto_ecommerce/assets/images/products/small/product-12.jpg]
[portotheme.com/html/porto_ecommerce/assets/images/products/small/product-12-2.jpg]
[portotheme.com/html/porto_ecommerce/product.html]
[portotheme.com/html/porto_ecommerce/product-variable.html]
[portotheme.com/html/porto_ecommerce/product-custom-tab.html]
[portotheme.com/html/porto_ecommerce/assets/images/banners/banner-sidebar.jpg]
[portotheme.com/html/porto_ecommerce/product-sidebar-left.html]
[portotheme.com/html/porto_ecommerce/assets/images/banners/banner-sidebar-bg.jpg]
[portotheme.com/html/porto_ecommerce/product-sidebar-right.html]
[portotheme.com/html/porto_ecommerce/product-addcart-sticky.html]
[portotheme.com/html/porto_ecommerce/product-extended-layout.html]
[portotheme.com/html/porto_ecommerce/product-grid-layout.html]
[portotheme.com/html/porto_ecommerce/assets/images/products/single/product-img.jpg]
[portotheme.com/html/porto_ecommerce/product-full-width.html]
[portotheme.com/html/porto_ecommerce/product-sticky-info.html]
[portotheme.com/html/porto_ecommerce/product-sticky-both.html]
[portotheme.com/html/porto_ecommerce/product-transparent-image.html]
[portotheme.com/html/porto_ecommerce/product-center-vertical.html]
[portotheme.com/html/porto_ecommerce/cart.html]
[portotheme.com/html/porto_ecommerce/checkout.html]
[portotheme.com/html/porto_ecommerce/assets/images/blog/post-1.jpg]
[portotheme.com/html/porto_ecommerce/assets/images/blog/related/post-1.jpg]
[portotheme.com/html/porto_ecommerce/assets/images/blog/related/post-2.jpg]
[portotheme.com/html/porto_ecommerce/assets/images/blog/related/post-3.jpg]
[portotheme.com/html/porto_ecommerce/single.html]
[portotheme.com/html/porto_ecommerce/login.html]
[portotheme.com/html/porto_ecommerce/forgot-password.html]
[www.portotheme.com/html/porto_ecommerce/ajax/assets/images/products/zoom/product-1-big.11f.delayed]
[www.portotheme.com/html/porto_ecommerce/ajax/assets/images/products/zoom/product-2-big.jpg]
[www.portotheme.com/html/porto_ecommerce/ajax/assets/images/products/zoom/product-3-big.jpg]
[www.portotheme.com/html/porto_ecommerce/ajax/assets/images/products/zoom/product-4-big.jpg]
[www.portotheme.com/html/porto_ecommerce/ajax/assets/images/products/zoom/product-5-big.jpg]
[www.portotheme.com/html/porto_ecommerce/ajax/assets/images/products/zoom/product-1.jpg]
[www.portotheme.com/html/porto_ecommerce/ajax/assets/images/products/zoom/product-2.jpg]
[www.portotheme.com/html/porto_ecommerce/ajax/assets/images/products/zoom/product-3.jpg]
[www.portotheme.com/html/porto_ecommerce/ajax/assets/images/products/zoom/product-4.jpg]
[www.portotheme.com/html/porto_ecommerce/ajax/assets/images/products/zoom/product-5.jpg]
[portotheme.com/html/porto_ecommerce/ajax/product-quick-view.html]
[portotheme.com/html/porto_ecommerce/assets/images/payments/payment-visa.svg]
[portotheme.com/html/porto_ecommerce/assets/images/payments/payment-paypal.svg]
[portotheme.com/html/porto_ecommerce/assets/images/payments/payment-verisign.svg]
[portotheme.com/html/porto_ecommerce/assets/images/elements/page-header.jpg]
[portotheme.com/html/porto_ecommerce/element-accordions.html]
[portotheme.com/html/porto_ecommerce/assets/images/elements/alert/tick.png]
[portotheme.com/html/porto_ecommerce/assets/images/elements/alert/info.png]
[portotheme.com/html/porto_ecommerce/assets/images/elements/alert/alert.png]
[portotheme.com/html/porto_ecommerce/assets/images/elements/alert/exclamation.png]
[portotheme.com/html/porto_ecommerce/element-alerts.html]
[portotheme.com/html/porto_ecommerce/assets/images/elements/device.png]
[portotheme.com/html/porto_ecommerce/element-animations.html]
[portotheme.com/html/porto_ecommerce/assets/images/elements/banners/slide1.jpg]
[portotheme.com/html/porto_ecommerce/assets/images/elements/banners/icon1.png]
[portotheme.com/html/porto_ecommerce/assets/images/elements/banners/slide2.jpg]
[portotheme.com/html/porto_ecommerce/assets/images/elements/banners/slide3.jpg]
[portotheme.com/html/porto_ecommerce/assets/images/elements/banners/banner-effect.jpg]
[portotheme.com/html/porto_ecommerce/assets/images/elements/banners/home_slide1.jpg]
[portotheme.com/html/porto_ecommerce/assets/images/elements/banners/home_slide2.jpg]
[portotheme.com/html/porto_ecommerce/element-banners.html]
[portotheme.com/html/porto_ecommerce/element-buttons.html]
[portotheme.com/html/porto_ecommerce/element-call-to-action.html]
[portotheme.com/html/porto_ecommerce/assets/js/jquery.plugin.min.js]
[portotheme.com/html/porto_ecommerce/element-countdown.html]
[portotheme.com/html/porto_ecommerce/assets/js/jquery.countdown.min.js]
[portotheme.com/html/porto_ecommerce/element-counters.html]
[portotheme.com/html/porto_ecommerce/element-headings.html]
[portotheme.com/html/porto_ecommerce/element-icons.html]
[portotheme.com/html/porto_ecommerce/assets/js/plugins/jquery-numerator.min.js]
[portotheme.com/html/porto_ecommerce/assets/images/elements/info-box/history-1.jpg]
[portotheme.com/html/porto_ecommerce/assets/images/elements/info-box/history-2.jpg]
[portotheme.com/html/porto_ecommerce/assets/images/elements/info-box/history-3.jpg]
[portotheme.com/html/porto_ecommerce/element-info-box.html]
[portotheme.com/html/porto_ecommerce/demo1.html]
[portotheme.com/html/porto_ecommerce/assets/images/elements/post/type2/post-1.jpg]
[portotheme.com/html/porto_ecommerce/assets/images/elements/post/type2/post-2.jpg]
[portotheme.com/html/porto_ecommerce/assets/images/elements/post/type2/post-3.jpg]
[portotheme.com/html/porto_ecommerce/assets/images/elements/post/type3/post-1.jpg]
[portotheme.com/html/porto_ecommerce/assets/images/elements/post/type3/post-2.jpg]
[portotheme.com/html/porto_ecommerce/assets/images/elements/post/type3/post-3.jpg]
[portotheme.com/html/porto_ecommerce/assets/images/elements/post/type4/1-1.jpg]
[portotheme.com/html/porto_ecommerce/assets/images/elements/post/type4/1-2.jpg]
[portotheme.com/html/porto_ecommerce/assets/images/elements/post/type4/2-1.jpg]
[portotheme.com/html/porto_ecommerce/assets/images/elements/post/type4/2-2.jpg]
[portotheme.com/html/porto_ecommerce/element-posts.html]
[portotheme.com/html/porto_ecommerce/assets/images/products/product-13.jpg]
[portotheme.com/html/porto_ecommerce/assets/images/products/product-14.jpg]
[portotheme.com/html/porto_ecommerce/assets/images/products/product-15.jpg]
[portotheme.com/html/porto_ecommerce/assets/images/products/product-16.jpg]
[portotheme.com/html/porto_ecommerce/assets/images/products/product-18.jpg]
[portotheme.com/html/porto_ecommerce/assets/images/products/product-19.jpg]
[portotheme.com/html/porto_ecommerce/assets/images/products/product-20.jpg]
[portotheme.com/html/porto_ecommerce/assets/images/products/product-21.jpg]
[portotheme.com/html/porto_ecommerce/assets/images/products/product-22.jpg]
[portotheme.com/html/porto_ecommerce/assets/images/products/product-23.jpg]
[portotheme.com/html/porto_ecommerce/assets/images/products/product-24.jpg]
[portotheme.com/html/porto_ecommerce/assets/images/products/product-25.jpg]
[portotheme.com/html/porto_ecommerce/assets/images/products/grid/product-1.jpg]
[portotheme.com/html/porto_ecommerce/assets/images/products/grid/product-2.jpg]
[portotheme.com/html/porto_ecommerce/assets/images/products/grid/product-3.jpg]
[portotheme.com/html/porto_ecommerce/assets/images/products/grid/product-3-2.jpg]
[portotheme.com/html/porto_ecommerce/assets/images/products/grid/product-4.jpg]
[portotheme.com/html/porto_ecommerce/assets/images/products/product-17.jpg]
[portotheme.com/html/porto_ecommerce/element-products.html]
[portotheme.com/html/porto_ecommerce/assets/images/categories/category-1.jpg]
[portotheme.com/html/porto_ecommerce/assets/images/categories/category-2.jpg]
[portotheme.com/html/porto_ecommerce/assets/images/categories/category-3.jpg]
[portotheme.com/html/porto_ecommerce/assets/images/categories/category-4.jpg]
[portotheme.com/html/porto_ecommerce/assets/images/categories/category-fashion-cat.jpg]
[portotheme.com/html/porto_ecommerce/assets/images/categories/category-electronics-cat.jpg]
[portotheme.com/html/porto_ecommerce/assets/images/categories/category-sports-cat.jpg]
[portotheme.com/html/porto_ecommerce/assets/images/categories/category-5.jpg]
[portotheme.com/html/porto_ecommerce/assets/images/categories/category-6.jpg]
[portotheme.com/html/porto_ecommerce/assets/images/categories/category-8.jpg]
[portotheme.com/html/porto_ecommerce/assets/images/categories/category-7.jpg]
[portotheme.com/html/porto_ecommerce/assets/images/categories/category-9.jpg]
[portotheme.com/html/porto_ecommerce/assets/images/categories/head_phone.jpg]
[portotheme.com/html/porto_ecommerce/assets/images/categories/laptop.jpg]
[portotheme.com/html/porto_ecommerce/assets/images/categories/smart_phone.jpg]
[portotheme.com/html/porto_ecommerce/assets/images/categories/smart_watch.jpg]
[portotheme.com/html/porto_ecommerce/assets/images/categories/bulb.jpg]
[portotheme.com/html/porto_ecommerce/element-product-categories.html]
[portotheme.com/html/porto_ecommerce/element-tabs.html]
[portotheme.com/html/porto_ecommerce/assets/images/elements/testimonial/client1.png]
[portotheme.com/html/porto_ecommerce/assets/images/clients/client-3.jpg]
[portotheme.com/html/porto_ecommerce/assets/images/elements/testimonial/parallax.jpg]
[portotheme.com/html/porto_ecommerce/assets/images/elements/testimonial/client-1.jpg]
[portotheme.com/html/porto_ecommerce/element-testimonial.html]
[www.portotheme.com/html/porto_ecommerce/assets/images/owl.video.play.html]
[portotheme.com/html/porto_ecommerce/assets/images/elements/alert/close.svg]
[portotheme.com/html/porto_ecommerce/assets/fonts/porto6e1d.svg]
[portotheme.com/html/porto_ecommerce/assets/vendor/fontawesome-free/webfonts/fa-brands-400.svg]
[portotheme.com/html/porto_ecommerce/assets/vendor/fontawesome-free/webfonts/fa-regular-400.svg]
[portotheme.com/html/porto_ecommerce/assets/vendor/fontawesome-free/webfonts/fa-solid-900.svg]
[portotheme.com/html/porto_ecommerce/assets/images/effects/s1.png]
[portotheme.com/html/porto_ecommerce/assets/images/effects/s2.png]
[portotheme.com/html/porto_ecommerce/assets/images/effects/s3.png]
[portotheme.com/html/porto_ecommerce/assets/images/effects/sparkle1.png]
[portotheme.com/html/porto_ecommerce/assets/images/effects/sparkle2.png]
[portotheme.com/html/porto_ecommerce/assets/css/style.min.css]
[portotheme.com/html/porto_ecommerce/assets/vendor/simple-line-icons/fonts/Simple-Line-Iconsec97.eot]
[portotheme.com/html/porto_ecommerce/assets/vendor/simple-line-icons/fonts/Simple-Line-Iconsec97.ttf]
[portotheme.com/html/porto_ecommerce/assets/vendor/simple-line-icons/fonts/Simple-Line-Iconsec97.woff]
[portotheme.com/html/porto_ecommerce/assets/vendor/simple-line-icons/css/simple-line-icons.min.css]
[portotheme.com/html/porto_ecommerce/assets/vendor/simple-line-icons/fonts/Simple-Line-Iconsec97.svg]
[portotheme.com/html/porto_ecommerce/assets/css/demo4.min.css]
[portotheme.com/html/porto_ecommerce/assets/images/demoes/demo4/slider/slide-1.jpg]
[portotheme.com/html/porto_ecommerce/assets/images/demoes/demo4/slider/slide-2.jpg]
[portotheme.com/html/porto_ecommerce/assets/images/demoes/demo4/banners/banner-1.jpg]
[portotheme.com/html/porto_ecommerce/assets/images/demoes/demo4/banners/banner-2.jpg]
[portotheme.com/html/porto_ecommerce/assets/images/demoes/demo4/banners/banner-3.jpg]
[portotheme.com/html/porto_ecommerce/assets/images/demoes/demo4/banners/banner-4.jpg]
[portotheme.com/html/porto_ecommerce/assets/images/demoes/demo4/products/categories/category-1.jpg]
[portotheme.com/html/porto_ecommerce/assets/images/demoes/demo4/products/categories/category-2.jpg]
[portotheme.com/html/porto_ecommerce/assets/images/demoes/demo4/products/categories/category-3.jpg]
[portotheme.com/html/porto_ecommerce/assets/images/demoes/demo4/products/categories/category-4.jpg]
[portotheme.com/html/porto_ecommerce/assets/images/demoes/demo4/products/categories/category-6.jpg]
[portotheme.com/html/porto_ecommerce/assets/images/demoes/demo4/products/categories/category-5.jpg]
[portotheme.com/html/porto_ecommerce/assets/images/demoes/demo4/banners/banner-5.jpg]
[portotheme.com/html/porto_ecommerce/assets/images/brands/brand1.png]
[portotheme.com/html/porto_ecommerce/assets/images/brands/brand2.png]
[portotheme.com/html/porto_ecommerce/assets/images/brands/brand3.png]
[portotheme.com/html/porto_ecommerce/assets/images/brands/brand4.png]
[portotheme.com/html/porto_ecommerce/assets/images/brands/brand5.png]
[portotheme.com/html/porto_ecommerce/assets/images/brands/brand6.png]
[portotheme.com/html/porto_ecommerce/demo4.html]
[portotheme.com/html/porto_ecommerce/assets/css/style.css]
[www.portotheme.com/html/porto_ecommerce/ajax/assets/images/products/zoom/product-1-big.html]
[www.portotheme.com/html/porto_ecommerce/ajax/assets/images/products/zoom/product-2-big.html]
[www.portotheme.com/html/porto_ecommerce/ajax/assets/images/products/zoom/product-3-big.html]
[www.portotheme.com/html/porto_ecommerce/ajax/assets/images/products/zoom/product-4-big.html]
[www.portotheme.com/html/porto_ecommerce/ajax/assets/images/products/zoom/product-5-big.html]
[www.portotheme.com/html/porto_ecommerce/ajax/assets/images/products/zoom/product-1.html]
[www.portotheme.com/html/porto_ecommerce/ajax/assets/images/products/zoom/product-2.html]
[www.portotheme.com/html/porto_ecommerce/ajax/assets/images/products/zoom/product-3.html]
[www.portotheme.com/html/porto_ecommerce/ajax/assets/images/products/zoom/product-4.html]
[www.portotheme.com/html/porto_ecommerce/ajax/assets/images/products/zoom/product-5.html]
[portotheme.com/html/porto_ecommerce/assets/css/demo1.min.css]
[portotheme.com/html/porto_ecommerce/demo1-shop.html]
[portotheme.com/html/porto_ecommerce/demo1-contact.html]
[portotheme.com/html/porto_ecommerce/demo1-product.html]
[portotheme.com/html/porto_ecommerce/assets/images/demoes/demo1/slider/slide-1.png]
[portotheme.com/html/porto_ecommerce/assets/images/demoes/demo1/slider/slide-2.jpg]
[portotheme.com/html/porto_ecommerce/assets/images/demoes/demo1/slider/slide-3.jpg]
[portotheme.com/html/porto_ecommerce/assets/images/demoes/demo1/banners/banner-1.jpg]
[portotheme.com/html/porto_ecommerce/assets/images/demoes/demo1/banners/banner-2.jpg]
[portotheme.com/html/porto_ecommerce/assets/images/demoes/demo1/banners/banner-3.jpg]
[portotheme.com/html/porto_ecommerce/assets/images/demoes/demo1/products/product-1.jpg]
[portotheme.com/html/porto_ecommerce/assets/images/demoes/demo1/products/product-1-2.jpg]
[portotheme.com/html/porto_ecommerce/assets/images/demoes/demo1/products/product-2.jpg]
[portotheme.com/html/porto_ecommerce/assets/images/demoes/demo1/products/product-3.jpg]
[portotheme.com/html/porto_ecommerce/assets/images/demoes/demo1/products/product-3-2.jpg]
[portotheme.com/html/porto_ecommerce/assets/images/demoes/demo1/products/product-4.jpg]
[portotheme.com/html/porto_ecommerce/assets/images/demoes/demo1/products/product-4-2.jpg]
[portotheme.com/html/porto_ecommerce/assets/images/demoes/demo1/products/product-5.jpg]
[portotheme.com/html/porto_ecommerce/assets/images/demoes/demo1/products/product-5-2.jpg]
[portotheme.com/html/porto_ecommerce/assets/images/brands/small/brand1.png]
[portotheme.com/html/porto_ecommerce/assets/images/brands/small/brand2.png]
[portotheme.com/html/porto_ecommerce/assets/images/brands/small/brand3.png]
[portotheme.com/html/porto_ecommerce/assets/images/brands/small/brand4.png]
[portotheme.com/html/porto_ecommerce/assets/images/brands/small/brand5.png]
[portotheme.com/html/porto_ecommerce/assets/images/brands/small/brand6.png]
[portotheme.com/html/porto_ecommerce/assets/images/demoes/demo1/products/small/product-4.jpg]
[portotheme.com/html/porto_ecommerce/assets/images/demoes/demo1/products/small/product-4-2.jpg]
[portotheme.com/html/porto_ecommerce/assets/images/demoes/demo1/products/small/product-5.jpg]
[portotheme.com/html/porto_ecommerce/assets/images/demoes/demo1/products/small/product-5-2.jpg]
[portotheme.com/html/porto_ecommerce/assets/images/demoes/demo1/products/small/product-6.jpg]
[portotheme.com/html/porto_ecommerce/assets/images/demoes/demo1/products/small/product-6-2.jpg]
[portotheme.com/html/porto_ecommerce/assets/images/demoes/demo1/products/small/product-2.jpg]
[portotheme.com/html/porto_ecommerce/assets/images/demoes/demo1/products/small/product-7.jpg]
[portotheme.com/html/porto_ecommerce/assets/images/demoes/demo1/products/small/product-7-2.jpg]
[portotheme.com/html/porto_ecommerce/assets/images/demoes/demo1/products/small/product-8.jpg]
[portotheme.com/html/porto_ecommerce/assets/images/demoes/demo1/products/small/product-8-2.jpg]
[portotheme.com/html/porto_ecommerce/assets/images/demoes/demo1/products/small/product-9.jpg]
[portotheme.com/html/porto_ecommerce/assets/images/demoes/demo1/products/small/product-9-2.jpg]
[portotheme.com/html/porto_ecommerce/assets/images/demoes/demo1/products/small/product-10.jpg]
[portotheme.com/html/porto_ecommerce/assets/images/demoes/demo1/products/small/product-10-2.jpg]
[portotheme.com/html/porto_ecommerce/assets/images/demoes/demo1/products/small/product-11.jpg]
[portotheme.com/html/porto_ecommerce/assets/images/demoes/demo1/products/small/product-11-2.jpg]
[portotheme.com/html/porto_ecommerce/demo1-about.html]
[portotheme.com/html/porto_ecommerce/assets/images/demoes/demo1/banners/banner-7.jpg]
[portotheme.com/html/porto_ecommerce/assets/images/demoes/demo1/banners/banner-8.jpg]
[portotheme.com/html/porto_ecommerce/assets/images/clients/client-1.jpg]
[portotheme.com/html/porto_ecommerce/assets/images/clients/client-2.jpg]
[portotheme.com/html/porto_ecommerce/assets/images/logo-footer.png]
[portotheme.com/html/porto_ecommerce/demo1.html]
[portotheme.com/html/porto_ecommerce/assets/vendor/simple-line-icons/fonts/Simple-Line-Iconsec97.svg]
[portotheme.com/html/porto_ecommerce/assets/css/demo4.min.css]
[portotheme.com/html/porto_ecommerce/assets/css/demo1.min.css]
[portotheme.com/html/porto_ecommerce/assets/images/lazy.png]
[portotheme.com/html/porto_ecommerce/demo1-shop.html]
[portotheme.com/html/porto_ecommerce/demo1-contact.html]
[portotheme.com/html/porto_ecommerce/demo1-product.html]
[portotheme.com/html/porto_ecommerce/demo1-about.html]
